\BOOKMARK [1][-]{section.1}{Introduction}{}% 1
\BOOKMARK [1][-]{section.2}{Related\040Work}{}% 2
\BOOKMARK [2][-]{subsection.2.1}{CNN-Based\040Plant\040Disease\040Diagnosis}{section.2}% 3
\BOOKMARK [2][-]{subsection.2.2}{Vision\040Transformers}{section.2}% 4
\BOOKMARK [2][-]{subsection.2.3}{Vision\040Graph\040Neural\040Networks\040and\040Graph\040Attention}{section.2}% 5
\BOOKMARK [1][-]{section.3}{Proposed\040Method:\040ViGATs}{}% 6
\BOOKMARK [2][-]{subsection.3.1}{Architecture\040Overview\040and\040Design\040Rationale}{section.3}% 7
\BOOKMARK [2][-]{subsection.3.2}{Image-to-Graph\040Transformation}{section.3}% 8
\BOOKMARK [2][-]{subsection.3.3}{Dynamic\040K-NN\040Graph\040Construction}{section.3}% 9
\BOOKMARK [2][-]{subsection.3.4}{Max-Relative\040Graph\040Convolution\040\(MRConv\040Baseline\)}{section.3}% 10
\BOOKMARK [2][-]{subsection.3.5}{Edge-Difference\040Multi-Head\040Graph\040Attention\040Convolution\040\(Proposed\040GATConv\)}{section.3}% 11
\BOOKMARK [2][-]{subsection.3.6}{Structural\040Comparison\040of\040Graph\040Operators}{section.3}% 12
\BOOKMARK [2][-]{subsection.3.7}{Parameter\040and\040Computational\040Complexity\040Analysis}{section.3}% 13
\BOOKMARK [2][-]{subsection.3.8}{Numerical\040Walkthrough\040Workflow}{section.3}% 14
\BOOKMARK [1][-]{section.4}{Experimental\040Setup}{}% 15
\BOOKMARK [2][-]{subsection.4.1}{Datasets\040and\040Acquisition\040Conditions}{section.4}% 16
\BOOKMARK [3][-]{subsubsection.4.1.1}{PlantRaw:\040In-the-Wild\040Multicrop\040Benchmark}{subsection.4.1}% 17
\BOOKMARK [2][-]{subsection.4.2}{Training\040Protocol\040and\040Experimental\040Rigor}{section.4}% 18
\BOOKMARK [2][-]{subsection.4.3}{Benchmark\040Baselines}{section.4}% 19
\BOOKMARK [2][-]{subsection.4.4}{Evaluation\040Metrics\040and\040Statistical\040Testing}{section.4}% 20
\BOOKMARK [1][-]{section.5}{Experimental\040Results\040and\040Analysis}{}% 21
\BOOKMARK [2][-]{subsection.5.1}{Ablation\040Studies}{section.5}% 22
\BOOKMARK [2][-]{subsection.5.2}{Plant\040Disease\040Benchmarks}{section.5}% 23
\BOOKMARK [3][-]{subsubsection.5.2.1}{PlantRaw:\040Multicrop\040Field\040Benchmark}{subsection.5.2}% 24
\BOOKMARK [2][-]{subsection.5.3}{Cross-Domain\040Transfer\040to\040Aerial\040Drone\040Imagery}{section.5}% 25
\BOOKMARK [2][-]{subsection.5.4}{General\040Vision\040Benchmark:\040Tiny\040ImageNet}{section.5}% 26
\BOOKMARK [2][-]{subsection.5.5}{Cross-Dataset\040Synthesis}{section.5}% 27
\BOOKMARK [2][-]{subsection.5.6}{Feature\040Space\040Manifold\040Projections\040with\040t-SNE}{section.5}% 28
\BOOKMARK [1][-]{section.6}{Discussion\040and\040Explainability}{}% 29
\BOOKMARK [2][-]{subsection.6.1}{Efficacy\040of\040Edge-Difference\040Multi-Head\040Attention}{section.6}% 30
\BOOKMARK [2][-]{subsection.6.2}{Visual\040Interpretability\040in\040Graph\040Feature\040Space}{section.6}% 31
\BOOKMARK [2][-]{subsection.6.3}{Practical\040Deployment\040Potential\040and\040Limitations}{section.6}% 32
\BOOKMARK [1][-]{section.7}{Conclusion}{}% 33
